
   INFO  Running migrations.  

  2026_01_21_150312_create_event_images_table  11.83ms FAIL

   Illuminate\Database\QueryException 

  SQLSTATE[42000]: Syntax error or access violation: 1064 You have an error in your SQL syntax; check the manual that corresponds to your MySQL server version for the right syntax to use near 'longBlob) not null, `mime_type` varchar(255) not null, `created_at` timestamp nu' at line 1 (Connection: mysql, SQL: create table `event_images` (`id` bigint unsigned not null auto_increment primary key, `event_id` bigint unsigned not null, `image_data` varbinary(longBlob) not null, `mime_type` varchar(255) not null, `created_at` timestamp null, `updated_at` timestamp null) default character set utf8mb4 collate 'utf8mb4_unicode_ci')

  at vendor/laravel/framework/src/Illuminate/Database/Connection.php:824
    820▕                     $this->getName(), $query, $this->prepareBindings($bindings), $e
    821▕                 );
    822▕             }
    823▕ 
  ➜ 824▕             throw new QueryException(
    825▕                 $this->getName(), $query, $this->prepareBindings($bindings), $e
    826▕             );
    827▕         }
    828▕     }

      [2m+9 vendor frames [22m

  10  database/migrations/2026_01_21_150312_create_event_images_table.php:14
      Illuminate\Support\Facades\Facade::__callStatic()
      [2m+26 vendor frames [22m

  37  artisan:16
      Illuminate\Foundation\Application::handleCommand()

